// Jest Snapshot v1, https://goo.gl/fbAQLP

exports[`render tests doesnt crash 1`] = `
<View
  style={
    Object {
      "alignItems": "center",
      "borderBottomWidth": 1,
      "flex": 1,
      "flexDirection": "row",
      "height": 70,
      "justifyContent": "space-around",
    }
  }
>
  <View
    style={
      Object {
        "width": 100,
      }
    }
  >
    <Text
      accessible={true}
      allowFontScaling={true}
      ellipsizeMode="tail"
    >
      bicep curls
    </Text>
    <Text
      accessible={true}
      allowFontScaling={true}
      ellipsizeMode="tail"
    >
      7:53:24 pm
    </Text>
  </View>
  <Text
    accessible={true}
    allowFontScaling={true}
    ellipsizeMode="tail"
  >
    reps:
  </Text>
  <TextInput
    allowFontScaling={true}
    keyboardType="numeric"
    maxLength={2}
    onChangeText={[Function]}
    style={
      Object {
        "borderColor": "gray",
        "borderRadius": 4,
        "borderWidth": 1,
        "fontSize": 15,
        "height": 30,
        "textAlign": "center",
        "width": 30,
      }
    }
    value="10"
  />
  <Text
    accessible={true}
    allowFontScaling={true}
    ellipsizeMode="tail"
  >
    weight:
  </Text>
  <TextInput
    allowFontScaling={true}
    keyboardType="numeric"
    maxLength={2}
    onChangeText={[Function]}
    style={
      Object {
        "borderColor": "gray",
        "borderRadius": 4,
        "borderWidth": 1,
        "fontSize": 15,
        "height": 30,
        "textAlign": "center",
        "width": 30,
      }
    }
    value="10"
  />
  <View
    accessibilityComponentType={undefined}
    accessibilityLabel={undefined}
    accessibilityTraits={undefined}
    accessible={true}
    hasTVPreferredFocus={undefined}
    hitSlop={undefined}
    isTVSelectable={true}
    nativeID={undefined}
    onLayout={undefined}
    onResponderGrant={[Function]}
    onResponderMove={[Function]}
    onResponderRelease={[Function]}
    onResponderTerminate={[Function]}
    onResponderTerminationRequest={[Function]}
    onStartShouldSetResponder={[Function]}
    style={null}
    testID={undefined}
    tvParallaxProperties={undefined}
  >
    <View
      style={
        Object {
          "backgroundColor": "#9CCC65",
          "borderRadius": 4,
          "height": 30,
          "justifyContent": "center",
          "padding": 5,
        }
      }
    >
      <Text
        accessible={true}
        allowFontScaling={true}
        ellipsizeMode="tail"
        style={
          Object {
            "color": "white",
          }
        }
      >
        Submit
      </Text>
    </View>
  </View>
</View>
`;
