// Jest Snapshot v1, https://goo.gl/fbAQLP

exports[`async action creator tests should fetch current exercises 1`] = `
Array [
  Object {
    "type": "REQUEST_NEW_EXERCISES",
    "user": 5,
  },
  Object {
    "data": Array [
      Object {
        "reps": 12,
        "timeStamp": 1518407604,
        "type": "Bicep Curls",
      },
      Object {
        "reps": 5,
        "timeStamp": 1518407604,
        "type": "Shoulder Press",
      },
      Object {
        "reps": 6,
        "timeStamp": 1518407604,
        "type": "Lateral Raises",
      },
    ],
    "type": "RECEIVE_NEW_EXERCISES",
    "user": 5,
  },
]
`;
